Microchip MPLAB XC8 Compiler V1.45 ()

Linker command line:

--edf=C:\Program Files (x86)\Microchip\xc8\v1.45\dat\en_msgs.txt -cs \
  -h+dist/USB-Serial_PIC16F1454/production\Standup_Timer.X.production.sym \
  --cmf=dist/USB-Serial_PIC16F1454/production\Standup_Timer.X.production.cmf \
  -z -Q16F1455 -oC:\Users\qojmo2\AppData\Local\Temp\shsk.2 \
  -Mdist/USB-Serial_PIC16F1454/production/Standup_Timer.X.production.map \
  -E1 -ver=XC8 -ASTACK=02220h-023efh -pstack=STACK -ACODE=00h-07FFhx4 \
  -ASTRCODE=00h-01FFFh -ASTRING=00h-0FFhx32 -ACONST=00h-0FFhx32 \
  -AENTRY=00h-0FFhx32 -ACOMMON=070h-07Fh -ABANK0=020h-06Fh \
  -ABANK1=0A0h-0EFh -ABANK2=0120h-016Fh -ABANK3=01A0h-01EFh \
  -ABANK4=0220h-026Fh -ABANK5=02A0h-02EFh -ABANK6=0320h-036Fh \
  -ABANK7=03A0h-03EFh -ABANK8=0420h-046Fh -ABANK9=04A0h-04EFh \
  -ABANK10=0520h-056Fh -ABANK11=05A0h-05EFh -ABANK12=0620h-064Fh \
  -ABIGRAM=02000h-023EFh \
  -ARAM=020h-06Fh,0A0h-0EFh,0120h-016Fh,01A0h-01EFh,0220h-026Fh,02A0h-02EFh,0320h-036Fh,03A0h-03EFh,0420h-046Fh,04A0h-04EFh,0520h-056Fh,05A0h-05EFh,0620h-064Fh \
  -AABS1=020h-07Fh,0A0h-0EFh,0120h-016Fh,01A0h-01EFh,0220h-026Fh,02A0h-02EFh,0320h-036Fh,03A0h-03EFh,0420h-046Fh,04A0h-04EFh,0520h-056Fh,05A0h-05EFh,0620h-064Fh \
  -ASFR0=00h-01Fh -ASFR1=080h-09Fh -ASFR2=0100h-011Fh -ASFR3=0180h-019Fh \
  -ASFR4=0200h-021Fh -ASFR5=0280h-029Fh -ASFR6=0300h-031Fh \
  -ASFR7=0380h-039Fh -ASFR8=0400h-041Fh -ASFR9=0480h-049Fh \
  -ASFR10=0500h-051Fh -ASFR11=0580h-059Fh -ASFR12=0600h-061Fh \
  -ASFR13=0680h-06EFh -ASFR14=0700h-076Fh -ASFR15=0780h-07EFh \
  -ASFR16=0800h-086Fh -ASFR17=0880h-08EFh -ASFR18=0900h-096Fh \
  -ASFR19=0980h-09EFh -ASFR20=0A00h-0A6Fh -ASFR21=0A80h-0AEFh \
  -ASFR22=0B00h-0B6Fh -ASFR23=0B80h-0BEFh -ASFR24=0C00h-0C6Fh \
  -ASFR25=0C80h-0CEFh -ASFR26=0D00h-0D6Fh -ASFR27=0D80h-0DEFh \
  -ASFR28=0E00h-0E6Fh -ASFR29=0E80h-0EEFh -ASFR30=0F00h-0F6Fh \
  -ASFR31=0F80h-0FEFh -preset_vec=00h,intentry=04h,init,end_init \
  -ppowerup=CODE -pcinit=CODE -pfunctab=ENTRY -ACONFIG=08007h-08008h \
  -pconfig=CONFIG -DCONFIG=2 -AIDLOC=08000h-08003h -pidloc=IDLOC -DIDLOC=2 \
  -DCODE=2 -DSTRCODE=2 -DSTRING=2 -DCONST=2 -DENTRY=2 -k \
  C:\Users\qojmo2\AppData\Local\Temp\shsk.obj \
  dist/USB-Serial_PIC16F1454/production\Standup_Timer.X.production.obj 

Object code version is 3.11

Machine type is 16F1455



                Name                               Link     Load   Length Selector   Space Scale
C:\Users\qojmo2\AppData\Local\Temp\shsk.obj
                end_init                             1E       1E        2        8       0
                reset_vec                             0        0        2        0       0
                config                             8007     8007        2    1000E       0
dist/USB-Serial_PIC16F1454/production\Standup_Timer.X.production.obj
                cinit                                20       20       34        8       0
                intentry                              4        4       1A        8       0
                text44                              6A5      6A5       72        8       0
                text43                              EEF      EEF       57     1DDE       0
                text42                              F46      F46       5C     1E8C       0
                text41                              414      414       94        8       0
                text40                              C20      C20       2A     1840       0
                text39                              781      781       5F        8       0
                text38                              B56      B56        3     16AC       0
                text37                              B53      B53        1     16A6       0
                text36                              CB7      CB7       3C     196E       0
                text35                              C00      C00       20     1800       0
                text34                              D32      D32       47     1A64       0
                text33                              C7D      C7D       3A     18FA       0
                text32                              B59      B59        3     16B2       0
                text31                              B54      B54        1     16A8       0
                text30                              B55      B55        1     16AA       0
                text29                                2        2        1        0       0
                text28                                3        3        1        6       0
                text27                              CF3      CF3       3F     19E6       0
                text26                               54       54      100        8       0
                text25                              5B8      5B8       79        8       0
                text24                              E09      E09       4A     1C12       0
                text23                              BCA      BCA       1A     1794       0
                text22                              539      539       7F        8       0
                swtext1                             800      800       1A     1000       0
                text21                              FA2      FA2       5E     1F44       0
                text20                              E53      E53       4B     1CA6       0
                text19                              631      631       74        8       0
                text18                              D79      D79       48     1AF2       0
                text17                              717      717       6A        8       0
                text16                              7E0      7E0       20        8       0
                text15                              B99      B99       18     1732       0
                text14                              B84      B84       15     1708       0
                text13                              379      379       9B        8       0
                text12                              154      154       CD        8       0
                text10                              2D9      2D9       A0        8       0
                text9                               B69      B69        B     16D2       0
                text8                               B74      B74       10     16E8       0
                text7                               B5C      B5C        3     16B8       0
                text6                               DC1      DC1       48     1B82       0
                text5                               221      221       B8        8       0
                text4                               E9E      E9E       51     1D3C       0
                text3                               C4A      C4A       33     1894       0
                text2                               4A8      4A8       91        8       0
                text1                               BE4      BE4       1C     17C8       0
                maintext                            BB1      BB1       19     1762       0
                cstackBANK0                          60       60       10       60       1
                cstackCOMMON                         70       70        E       70       1
                cstackBANK1                          D2       D2       16       A0       1
                cstackBANK2                         147      147        7      131       1
                clrtext                             B63      B63        6     16C6       0
                bssBANK6                            320      320       40      320       1
                bssBANK3                            1A0      1A0       40      1A0       1
                dataBANK2                           14E      14E        4      131       1
                bssBANK2                            131      131       16      131       1
                bssBANK1                             A0       A0       32       A0       1
                stringtext8                        10DB     10DB        2     2000       0
                stringtext7                        10AB     10AB       16     2000       0
                stringtext6                        10C1     10C1       12     2000       0
                stringtext5                        1077     1077       34     2000       0
                stringtext4                        1043     1043       34     2000       0
                stringtext3                        1000     1000       43     2000       0
                stringtext2                        10D9     10D9        2     2000       0
                stringtext1                        10D3     10D3        6     2000       0
                idataBANK2                          B5F      B5F        4     16BE       0

TOTAL           Name                               Link     Load   Length     Space
        CLASS   STACK          

        CLASS   CODE           
                end_init                             1E       1E        2         0
                cinit                                20       20       34         0
                intentry                              4        4       1A         0
                reset_vec                             0        0        2         0
                text44                              6A5      6A5       72         0
                text43                              EEF      EEF       57         0
                text42                              F46      F46       5C         0
                text41                              414      414       94         0
                text40                              C20      C20       2A         0
                text39                              781      781       5F         0
                text38                              B56      B56        3         0
                text37                              B53      B53        1         0
                text36                              CB7      CB7       3C         0
                text35                              C00      C00       20         0
                text34                              D32      D32       47         0
                text33                              C7D      C7D       3A         0
                text32                              B59      B59        3         0
                text31                              B54      B54        1         0
                text30                              B55      B55        1         0
                text29                                2        2        1         0
                text28                                3        3        1         0
                text27                              CF3      CF3       3F         0
                text26                               54       54      100         0
                text25                              5B8      5B8       79         0
                text24                              E09      E09       4A         0
                text23                              BCA      BCA       1A         0
                text22                              539      539       7F         0
                text21                              FA2      FA2       5E         0
                text20                              E53      E53       4B         0
                text19                              631      631       74         0
                text18                              D79      D79       48         0
                text17                              717      717       6A         0
                text16                              7E0      7E0       20         0
                text15                              B99      B99       18         0
                text14                              B84      B84       15         0
                text13                              379      379       9B         0
                text12                              154      154       CD         0
                text10                              2D9      2D9       A0         0
                text9                               B69      B69        B         0
                text8                               B74      B74       10         0
                text7                               B5C      B5C        3         0
                text6                               DC1      DC1       48         0
                text5                               221      221       B8         0
                text4                               E9E      E9E       51         0
                text3                               C4A      C4A       33         0
                text2                               4A8      4A8       91         0
                text1                               BE4      BE4       1C         0
                maintext                            BB1      BB1       19         0
                clrtext                             B63      B63        6         0
                idataBANK2                          B5F      B5F        4         0

        CLASS   STRCODE        
                stringtext8                        10DB     10DB        2         0
                stringtext7                        10AB     10AB       16         0
                stringtext6                        10C1     10C1       12         0
                stringtext5                        1077     1077       34         0
                stringtext4                        1043     1043       34         0
                stringtext3                        1000     1000       43         0
                stringtext2                        10D9     10D9        2         0
                stringtext1                        10D3     10D3        6         0

        CLASS   STRING         

        CLASS   CONST          
                swtext1                             800      800       1A         0

        CLASS   ENTRY          

        CLASS   COMMON         
                cstackCOMMON                         70       70        E         1

        CLASS   BANK0          
                cstackBANK0                          60       60       10         1

        CLASS   BANK1          
                cstackBANK1                          D2       D2       16         1
                bssBANK1                             A0       A0       32         1

        CLASS   BANK2          
                cstackBANK2                         147      147        7         1
                dataBANK2                           14E      14E        4         1
                bssBANK2                            131      131       16         1

        CLASS   BANK3          
                bssBANK3                            1A0      1A0       40         1

        CLASS   BANK4          

        CLASS   BANK5          

        CLASS   BANK6          
                bssBANK6                            320      320       40         1

        CLASS   BANK7          

        CLASS   BANK8          

        CLASS   BANK9          

        CLASS   BANK10         

        CLASS   BANK11         

        CLASS   BANK12         

        CLASS   BIGRAM         

        CLASS   RAM            

        CLASS   ABS1           
                abs_s1                               20       20       40         1
                abs_s1                               7E       7E        2         1
                abs_s1                              120      120       11         1
                abs_s1                              220      220       40         1
                abs_s1                              2A0      2A0       40         1

        CLASS   SFR0           

        CLASS   SFR1           

        CLASS   SFR2           

        CLASS   SFR3           

        CLASS   SFR4           

        CLASS   SFR5           

        CLASS   SFR6           

        CLASS   SFR7           

        CLASS   SFR8           

        CLASS   SFR9           

        CLASS   SFR10          

        CLASS   SFR11          

        CLASS   SFR12          

        CLASS   SFR13          

        CLASS   SFR14          

        CLASS   SFR15          

        CLASS   SFR16          

        CLASS   SFR17          

        CLASS   SFR18          

        CLASS   SFR19          

        CLASS   SFR20          

        CLASS   SFR21          

        CLASS   SFR22          

        CLASS   SFR23          

        CLASS   SFR24          

        CLASS   SFR25          

        CLASS   SFR26          

        CLASS   SFR27          

        CLASS   SFR28          

        CLASS   SFR29          

        CLASS   SFR30          

        CLASS   SFR31          

        CLASS   CONFIG         
                config                             8007     8007        2         0

        CLASS   IDLOC          

        CLASS   BANK31         

        CLASS   BANK30         

        CLASS   BANK29         

        CLASS   BANK28         

        CLASS   BANK27         

        CLASS   BANK26         

        CLASS   BANK25         

        CLASS   BANK24         

        CLASS   BANK23         

        CLASS   BANK22         

        CLASS   BANK21         

        CLASS   BANK20         

        CLASS   BANK19         

        CLASS   BANK18         

        CLASS   BANK17         

        CLASS   BANK16         

        CLASS   BANK15         

        CLASS   BANK14         

        CLASS   BANK13         

        CLASS   EEDATA         



SEGMENTS        Name                           Load    Length   Top    Selector   Space  Class     Delta

                reset_vec                      000000  000003  000003         0       0  CODE        2
                text28                         000003  000001  000004         6       0  CODE        2
                intentry                       000004  0007FC  000800         8       0  CODE        2
                cstackBANK0                    000060  000010  000070        60       1  BANK0       1
                cstackCOMMON                   000070  00000E  00007E        70       1  COMMON      1
                bssBANK1                       0000A0  000048  0000E8        A0       1  BANK1       1
                bssBANK2                       000131  000021  000152       131       1  BANK2       1
                bssBANK3                       0001A0  000040  0001E0       1A0       1  BANK3       1
                bssBANK6                       000320  000040  000360       320       1  BANK6       1
                swtext1                        000800  00001A  00081A      1000       0  CONST       2
                text37                         000B53  000001  000B54      16A6       0  CODE        2
                text31                         000B54  000001  000B55      16A8       0  CODE        2
                text30                         000B55  000001  000B56      16AA       0  CODE        2
                text38                         000B56  000003  000B59      16AC       0  CODE        2
                text32                         000B59  000003  000B5C      16B2       0  CODE        2
                text7                          000B5C  000003  000B5F      16B8       0  CODE        2
                idataBANK2                     000B5F  000004  000B63      16BE       0  CODE        2
                clrtext                        000B63  000006  000B69      16C6       0  CODE        2
                text9                          000B69  00000B  000B74      16D2       0  CODE        2
                text8                          000B74  000010  000B84      16E8       0  CODE        2
                text14                         000B84  000015  000B99      1708       0  CODE        2
                text15                         000B99  000018  000BB1      1732       0  CODE        2
                maintext                       000BB1  000019  000BCA      1762       0  CODE        2
                text23                         000BCA  00001A  000BE4      1794       0  CODE        2
                text1                          000BE4  00001C  000C00      17C8       0  CODE        2
                text35                         000C00  000020  000C20      1800       0  CODE        2
                text40                         000C20  00002A  000C4A      1840       0  CODE        2
                text3                          000C4A  000033  000C7D      1894       0  CODE        2
                text33                         000C7D  00003A  000CB7      18FA       0  CODE        2
                text36                         000CB7  00003C  000CF3      196E       0  CODE        2
                text27                         000CF3  00003F  000D32      19E6       0  CODE        2
                text34                         000D32  000047  000D79      1A64       0  CODE        2
                text18                         000D79  000048  000DC1      1AF2       0  CODE        2
                text6                          000DC1  000048  000E09      1B82       0  CODE        2
                text24                         000E09  00004A  000E53      1C12       0  CODE        2
                text20                         000E53  00004B  000E9E      1CA6       0  CODE        2
                text4                          000E9E  000051  000EEF      1D3C       0  CODE        2
                text43                         000EEF  000057  000F46      1DDE       0  CODE        2
                text42                         000F46  00005C  000FA2      1E8C       0  CODE        2
                text21                         000FA2  00005E  001000      1F44       0  CODE        2
                stringtext3                    001000  0000DD  0010DD      2000       0  STRCODE     2
                config                         008007  000002  008009     1000E       0  CONFIG      2


UNUSED ADDRESS RANGES

        Name                Unused          Largest block    Delta
        BANK1            000E8-000EF               8           1
        BANK10           00520-0056F              50           1
        BANK11           005A0-005EF              50           1
        BANK12           00620-0064F              30           1
        BANK2            00152-0016F              1E           1
        BANK3            001E0-001EF              10           1
        BANK4            00260-0026F              10           1
        BANK5            002E0-002EF              10           1
        BANK6            00360-0036F              10           1
        BANK7            003A0-003EF              50           1
        BANK8            00420-0046F              50           1
        BANK9            004A0-004EF              50           1
        BIGRAM           02000-023EF             3F0           1
        CODE             0081A-00B52             339           2
                         010DD-01FFF             723
        CONST            0081A-00B52             100           2
                         010DD-01FFF             100
        ENTRY            0081A-00B52             100           2
                         010DD-01FFF             100
        IDLOC            08000-08003               4           2
        RAM              000E8-000EF               8           1
                         00152-0016F              1E
                         001E0-001EF              10
                         00260-0026F              10
                         002E0-002EF              10
                         00360-0036F              10
                         003A0-003EF              50
                         00420-0046F              50
                         004A0-004EF              50
                         00520-0056F              50
                         005A0-005EF              50
                         00620-0064F              30
        SFR0             00000-0001F              20           1
        SFR1             00080-0009F              20           1
        SFR10            00500-0051F              20           1
        SFR11            00580-0059F              20           1
        SFR12            00600-0061F              20           1
        SFR13            00680-006EF              70           1
        SFR14            00700-0076F              70           1
        SFR15            00780-007EF              70           1
        SFR16            00800-0086F              70           1
        SFR17            00880-008EF              70           1
        SFR18            00900-0096F              70           1
        SFR19            00980-009EF              70           1
        SFR2             00100-0011F              20           1
        SFR20            00A00-00A6F              70           1
        SFR21            00A80-00AEF              70           1
        SFR22            00B00-00B6F              70           1
        SFR23            00B80-00BEF              70           1
        SFR24            00C00-00C6F              70           1
        SFR25            00C80-00CEF              70           1
        SFR26            00D00-00D6F              70           1
        SFR27            00D80-00DEF              70           1
        SFR28            00E00-00E6F              70           1
        SFR29            00E80-00EEF              70           1
        SFR3             00180-0019F              20           1
        SFR30            00F00-00F6F              70           1
        SFR31            00F80-00FEF              70           1
        SFR4             00200-0021F              20           1
        SFR5             00280-0029F              20           1
        SFR6             00300-0031F              20           1
        SFR7             00380-0039F              20           1
        SFR8             00400-0041F              20           1
        SFR9             00480-0049F              20           1
        STACK            02220-023EF             1D0           1
        STRCODE          0081A-00B52             339           2
                         010DD-01FFF             F23
        STRING           0081A-00B52             100           2
                         010DD-01FFF             100

                                  Symbol Table

CDCTxService@byte_to_send                 cstackBANK1  000E7
CDCTxService@i                            cstackBANK1  000E6
ProcessIO@i                               cstackBANK2  0014B
ProcessIO@numBytesRead                    cstackBANK2  0014A
ProcessIO@validCmd                        cstackBANK2  00149
USBCBSendResume@delay_count               bssBANK2     00135
USBConfigureEndpoint@EPNum                cstackCOMMON 00075
USBConfigureEndpoint@direction            cstackCOMMON 00070
USBConfigureEndpoint@handle               cstackCOMMON 00076
USBCtrlEPService@setup_cnt                cstackBANK1  000D5
USBCtrlTrfInHandler@lastDTS               cstackCOMMON 00077
USBCtrlTrfRxService@byteToRead            cstackCOMMON 00077
USBCtrlTrfRxService@i                     cstackCOMMON 00076
USBCtrlTrfTxService@byteToSend            cstackCOMMON 00074
USBDeviceInit@i                           cstackBANK1  000DE
USBDeviceInit@i_746                       cstackBANK1  000DD
USBDeviceInit@p                           cstackBANK1  000DB
USBDeviceTasks@i                          cstackBANK1  000D8
USBEnableEndpoint@ep                      cstackCOMMON 0007C
USBEnableEndpoint@options                 cstackCOMMON 00077
USBEnableEndpoint@p                       cstackCOMMON 0007A
USBStdFeatureReqHandler@current_ep_data   cstackBANK0  0006C
USBStdFeatureReqHandler@p                 cstackBANK0  0006D
USBStdFeatureReqHandler@pUEP              cstackBANK0  0006A
USBStdGetStatusHandler@p                  cstackCOMMON 00071
USBStdSetCfgHandler@i                     cstackBANK0  0006B
USBStdSetCfgHandler@i_1853                cstackBANK0  0006A
USBStdSetCfgHandler@p                     cstackBANK0  00068
USBTransferOnePacket@data                 cstackBANK1  000DB
USBTransferOnePacket@dir                  cstackBANK1  000DA
USBTransferOnePacket@ep                   cstackBANK1  000DF
USBTransferOnePacket@handle               cstackBANK1  000E0
USBTransferOnePacket@len                  cstackBANK1  000DC
USER_USB_CALLBACK_EVENT_HANDLER@event     cstackBANK0  00063
USER_USB_CALLBACK_EVENT_HANDLER@pdata     cstackBANK0  00065
USER_USB_CALLBACK_EVENT_HANDLER@size      cstackBANK0  00066
_ACTCON                                   (abs)        0039B
_ANSELA                                   (abs)        0018C
_ANSELC                                   (abs)        0018E
_BDT                                      (abs)        00020
_BlinkUSBStatus                           text7        00B5C
_BothEP0OutUOWNsSet                       bssBANK1     000C5
_CDCDataInHandle                          bssBANK1     000B9
_CDCDataOutHandle                         bssBANK1     000BA
_CDCInitEP                                text33       00C7D
_CDCTxService                             text5        00221
_CDCTxService$3221                        cstackBANK1  000E4
_CtrlTrfData                              (abs)        00058
_INTCONbits                               (abs)        0000B
_ISRCode                                  intentry     00004
_InitializeSystem                         text8        00B74
_OPTION_REG                               (abs)        00095
_OSCCON                                   (abs)        00099
_OSCTUNE                                  (abs)        00098
_PIE2bits                                 (abs)        00092
_PIR2bits                                 (abs)        00012
_PORTCbits                                (abs)        0000E
_ProcessIO                                text2        004A8
_RC2                                      (abs)        00072
_RC3                                      (abs)        00073
_RemoteWakeup                             bssBANK1     000C8
_SetupPkt                                 (abs)        00050
_TMR0                                     (abs)        00015
_TRISCbits                                (abs)        0008E
_UADDR                                    (abs)        00E96
_UCFG                                     (abs)        00E91
_UCON                                     (abs)        00E8E
_UCONbits                                 (abs)        00E8E
_UEIE                                     (abs)        00E97
_UEIR                                     (abs)        00E93
_UEP0                                     (abs)        00E98
_UEP0bits                                 (abs)        00E98
_UEP1                                     (abs)        00E99
_UIE                                      (abs)        00E92
_UIEbits                                  (abs)        00E92
_UIR                                      (abs)        00E90
_UIRbits                                  (abs)        00E90
_USBActiveConfiguration                   bssBANK1     000D1
_USBAlternateInterface                    bssBANK1     000D0
_USBBusIsSuspended                        bssBANK1     000C7
_USBCBCheckOtherReq                       text38       00B56
_USBCBErrorHandler                        text37       00B53
_USBCBInitEP                              text32       00B59
_USBCBStdSetDscHandler                    text31       00B54
_USBCBSuspend                             text30       00B55
_USBCBWakeFromSuspend                     text29       00002
_USBCB_SOF_Handler                        text28       00003
_USBCheckCDCRequest                       text39       00781
_USBCheckStdRequest                       text21       00FA2
_USBConfigureEndpoint                     text36       00CB7
_USBCtrlEPAllowDataStage                  text20       00E53
_USBCtrlEPAllowStatusStage                text42       00F46
_USBCtrlEPService                         text17       00717
_USBCtrlEPServiceComplete                 text19       00631
_USBCtrlTrfInHandler                      text43       00EEF
_USBCtrlTrfOutHandler                     text40       00C20
_USBCtrlTrfRxService                      text41       00414
_USBCtrlTrfSetupHandler                   text18       00D79
_USBCtrlTrfTxService                      text44       006A5
_USBDeferINDataStagePackets               bssBANK1     000C0
_USBDeferOUTDataStagePackets              bssBANK1     000BF
_USBDeferStatusStagePacket                bssBANK1     000C3
_USBDeviceAttach                          text1        00BE4
_USBDeviceInit                            text10       002D9
_USBDeviceState                           bssBANK1     000CE
_USBDeviceTasks                           text12       00154
_USBEnableEndpoint                        text35       00C00
_USBStallHandler                          text16       007E0
_USBStatusStageEnabledFlag1               bssBANK1     000C2
_USBStatusStageEnabledFlag2               bssBANK1     000C1
_USBStatusStageTimeoutCounter             bssBANK1     000C4
_USBStdFeatureReqHandler                  text26       00054
_USBStdGetDscHandler                      text25       005B8
_USBStdGetStatusHandler                   text24       00E09
_USBStdSetCfgHandler                      text22       00539
_USBSuspend                               text15       00B99
_USBTransferOnePacket                     text6        00DC1
_USBWakeFromSuspend                       text14       00B84
_USB_CD_Ptr                               stringtext2  010D9
_USB_Out_Buffer                           bssBANK3     001A0
_USB_SD_Ptr                               stringtext1  010D3
_USER_USB_CALLBACK_EVENT_HANDLER          text27       00CF3
_USTAT                                    (abs)        00E8F
_USTATcopy                                bssBANK1     000CF
_UserInit                                 text9        00B69
__CFG_BOREN$ON                            (abs)        00000
__CFG_BORV$LO                             (abs)        00000
__CFG_CLKOUTEN$OFF                        (abs)        00000
__CFG_CP$OFF                              (abs)        00000
__CFG_CPUDIV$NOCLKDIV                     (abs)        00000
__CFG_FCMEN$OFF                           (abs)        00000
__CFG_FOSC$INTOSC                         (abs)        00000
__CFG_IESO$OFF                            (abs)        00000
__CFG_LPBOR$OFF                           (abs)        00000
__CFG_LVP$OFF                             (abs)        00000
__CFG_MCLRE$ON                            (abs)        00000
__CFG_PLLEN$ENABLED                       (abs)        00000
__CFG_PLLMULT$3x                          (abs)        00000
__CFG_PWRTE$OFF                           (abs)        00000
__CFG_STVREN$ON                           (abs)        00000
__CFG_USBLSCLK$48MHz                      (abs)        00000
__CFG_WDTE$OFF                            (abs)        00000
__CFG_WRT$OFF                             (abs)        00000
__Habs1                                   abs1         00000
__Hbank0                                  bank0        00000
__Hbank1                                  bank1        00000
__Hbank10                                 bank10       00000
__Hbank11                                 bank11       00000
__Hbank12                                 bank12       00000
__Hbank13                                 bank13       00000
__Hbank14                                 bank14       00000
__Hbank15                                 bank15       00000
__Hbank16                                 bank16       00000
__Hbank17                                 bank17       00000
__Hbank18                                 bank18       00000
__Hbank19                                 bank19       00000
__Hbank2                                  bank2        00000
__Hbank20                                 bank20       00000
__Hbank21                                 bank21       00000
__Hbank22                                 bank22       00000
__Hbank23                                 bank23       00000
__Hbank24                                 bank24       00000
__Hbank25                                 bank25       00000
__Hbank26                                 bank26       00000
__Hbank27                                 bank27       00000
__Hbank28                                 bank28       00000
__Hbank29                                 bank29       00000
__Hbank3                                  bank3        00000
__Hbank30                                 bank30       00000
__Hbank31                                 bank31       00000
__Hbank4                                  bank4        00000
__Hbank5                                  bank5        00000
__Hbank6                                  bank6        00000
__Hbank7                                  bank7        00000
__Hbank8                                  bank8        00000
__Hbank9                                  bank9        00000
__Hbigram                                 bigram       00000
__HbssBANK1                               bssBANK1     00000
__HbssBANK2                               bssBANK2     00000
__HbssBANK3                               bssBANK3     00000
__HbssBANK6                               bssBANK6     00000
__Hcinit                                  cinit        00054
__Hclrtext                                clrtext      00000
__Hcode                                   code         00000
__Hcommon                                 common       00000
__Hconfig                                 config       08009
__HcstackBANK0                            cstackBANK0  00000
__HcstackBANK1                            cstackBANK1  00000
__HcstackBANK2                            cstackBANK2  00000
__HcstackCOMMON                           cstackCOMMON 00000
__HdataBANK2                              dataBANK2    00000
__Heeprom_data                            eeprom_data  00000
__Hend_init                               end_init     00020
__Hfunctab                                functab      00000
__HidataBANK2                             idataBANK2   00000
__Hidloc                                  idloc        00000
__Hinit                                   init         0001E
__Hintentry                               intentry     0001E
__Hmaintext                               maintext     00000
__Hpowerup                                powerup      00000
__Hram                                    ram          00000
__Hreset_vec                              reset_vec    00002
__Hsfr0                                   sfr0         00000
__Hsfr1                                   sfr1         00000
__Hsfr10                                  sfr10        00000
__Hsfr11                                  sfr11        00000
__Hsfr12                                  sfr12        00000
__Hsfr13                                  sfr13        00000
__Hsfr14                                  sfr14        00000
__Hsfr15                                  sfr15        00000
__Hsfr16                                  sfr16        00000
__Hsfr17                                  sfr17        00000
__Hsfr18                                  sfr18        00000
__Hsfr19                                  sfr19        00000
__Hsfr2                                   sfr2         00000
__Hsfr20                                  sfr20        00000
__Hsfr21                                  sfr21        00000
__Hsfr22                                  sfr22        00000
__Hsfr23                                  sfr23        00000
__Hsfr24                                  sfr24        00000
__Hsfr25                                  sfr25        00000
__Hsfr26                                  sfr26        00000
__Hsfr27                                  sfr27        00000
__Hsfr28                                  sfr28        00000
__Hsfr29                                  sfr29        00000
__Hsfr3                                   sfr3         00000
__Hsfr30                                  sfr30        00000
__Hsfr31                                  sfr31        00000
__Hsfr4                                   sfr4         00000
__Hsfr5                                   sfr5         00000
__Hsfr6                                   sfr6         00000
__Hsfr7                                   sfr7         00000
__Hsfr8                                   sfr8         00000
__Hsfr9                                   sfr9         00000
__Hspace_0                                (abs)        08009
__Hspace_1                                (abs)        00360
__Hspace_2                                (abs)        00000
__Hspace_3                                (abs)        00000
__Hstack                                  stack        00000
__Hstrings                                strings      00000
__Hstringtext1                            stringtext1  00000
__Hstringtext2                            stringtext2  00000
__Hstringtext3                            stringtext3  00000
__Hstringtext4                            stringtext4  00000
__Hstringtext5                            stringtext5  00000
__Hstringtext6                            stringtext6  00000
__Hstringtext7                            stringtext7  00000
__Hstringtext8                            stringtext8  00000
__Hstringtext9                            stringtext9  00000
__Htext                                   text         00000
__Labs1                                   abs1         00000
__Lbank0                                  bank0        00000
__Lbank1                                  bank1        00000
__Lbank10                                 bank10       00000
__Lbank11                                 bank11       00000
__Lbank12                                 bank12       00000
__Lbank13                                 bank13       00000
__Lbank14                                 bank14       00000
__Lbank15                                 bank15       00000
__Lbank16                                 bank16       00000
__Lbank17                                 bank17       00000
__Lbank18                                 bank18       00000
__Lbank19                                 bank19       00000
__Lbank2                                  bank2        00000
__Lbank20                                 bank20       00000
__Lbank21                                 bank21       00000
__Lbank22                                 bank22       00000
__Lbank23                                 bank23       00000
__Lbank24                                 bank24       00000
__Lbank25                                 bank25       00000
__Lbank26                                 bank26       00000
__Lbank27                                 bank27       00000
__Lbank28                                 bank28       00000
__Lbank29                                 bank29       00000
__Lbank3                                  bank3        00000
__Lbank30                                 bank30       00000
__Lbank31                                 bank31       00000
__Lbank4                                  bank4        00000
__Lbank5                                  bank5        00000
__Lbank6                                  bank6        00000
__Lbank7                                  bank7        00000
__Lbank8                                  bank8        00000
__Lbank9                                  bank9        00000
__Lbigram                                 bigram       00000
__LbssBANK1                               bssBANK1     00000
__LbssBANK2                               bssBANK2     00000
__LbssBANK3                               bssBANK3     00000
__LbssBANK6                               bssBANK6     00000
__Lcinit                                  cinit        00020
__Lclrtext                                clrtext      00000
__Lcode                                   code         00000
__Lcommon                                 common       00000
__Lconfig                                 config       08007
__LcstackBANK0                            cstackBANK0  00000
__LcstackBANK1                            cstackBANK1  00000
__LcstackBANK2                            cstackBANK2  00000
__LcstackCOMMON                           cstackCOMMON 00000
__LdataBANK2                              dataBANK2    00000
__Leeprom_data                            eeprom_data  00000
__Lend_init                               end_init     0001E
__Lfunctab                                functab      00000
__LidataBANK2                             idataBANK2   00000
__Lidloc                                  idloc        00000
__Linit                                   init         0001E
__Lintentry                               intentry     00004
__Lmaintext                               maintext     00000
__Lpowerup                                powerup      00000
__Lram                                    ram          00000
__Lreset_vec                              reset_vec    00000
__Lsfr0                                   sfr0         00000
__Lsfr1                                   sfr1         00000
__Lsfr10                                  sfr10        00000
__Lsfr11                                  sfr11        00000
__Lsfr12                                  sfr12        00000
__Lsfr13                                  sfr13        00000
__Lsfr14                                  sfr14        00000
__Lsfr15                                  sfr15        00000
__Lsfr16                                  sfr16        00000
__Lsfr17                                  sfr17        00000
__Lsfr18                                  sfr18        00000
__Lsfr19                                  sfr19        00000
__Lsfr2                                   sfr2         00000
__Lsfr20                                  sfr20        00000
__Lsfr21                                  sfr21        00000
__Lsfr22                                  sfr22        00000
__Lsfr23                                  sfr23        00000
__Lsfr24                                  sfr24        00000
__Lsfr25                                  sfr25        00000
__Lsfr26                                  sfr26        00000
__Lsfr27                                  sfr27        00000
__Lsfr28                                  sfr28        00000
__Lsfr29                                  sfr29        00000
__Lsfr3                                   sfr3         00000
__Lsfr30                                  sfr30        00000
__Lsfr31                                  sfr31        00000
__Lsfr4                                   sfr4         00000
__Lsfr5                                   sfr5         00000
__Lsfr6                                   sfr6         00000
__Lsfr7                                   sfr7         00000
__Lsfr8                                   sfr8         00000
__Lsfr9                                   sfr9         00000
__Lspace_0                                (abs)        00000
__Lspace_1                                (abs)        00000
__Lspace_2                                (abs)        00000
__Lspace_3                                (abs)        00000
__Lstack                                  stack        00000
__Lstrings                                strings      00000
__Lstringtext1                            stringtext1  00000
__Lstringtext2                            stringtext2  00000
__Lstringtext3                            stringtext3  00000
__Lstringtext4                            stringtext4  00000
__Lstringtext5                            stringtext5  00000
__Lstringtext6                            stringtext6  00000
__Lstringtext7                            stringtext7  00000
__Lstringtext8                            stringtext8  00000
__Lstringtext9                            stringtext9  00000
__Ltext                                   text         00000
__S0                                      (abs)        08009
__S1                                      (abs)        00360
__S2                                      (abs)        00000
___int_sp                                 stack        00000
___latbits                                (abs)        00002
___sp                                     stack        00000
__end_of_BlinkUSBStatus                   text7        00B5F
__end_of_CDCInitEP                        text33       00CB7
__end_of_CDCTxService                     text5        002D9
__end_of_ISRCode                          intentry     0001E
__end_of_InitializeSystem                 text8        00B84
__end_of_ProcessIO                        text2        00539
__end_of_USBCBCheckOtherReq               text38       00B59
__end_of_USBCBErrorHandler                text37       00B54
__end_of_USBCBInitEP                      text32       00B5C
__end_of_USBCBStdSetDscHandler            text31       00B55
__end_of_USBCBSuspend                     text30       00B56
__end_of_USBCBWakeFromSuspend             text29       00003
__end_of_USBCB_SOF_Handler                text28       00004
__end_of_USBCheckCDCRequest               text39       007E0
__end_of_USBCheckStdRequest               text21       01000
__end_of_USBConfigureEndpoint             text36       00CF3
__end_of_USBCtrlEPAllowDataStage          text20       00E9E
__end_of_USBCtrlEPAllowStatusStage        text42       00FA2
__end_of_USBCtrlEPService                 text17       00781
__end_of_USBCtrlEPServiceComplete         text19       006A5
__end_of_USBCtrlTrfInHandler              text43       00F46
__end_of_USBCtrlTrfOutHandler             text40       00C4A
__end_of_USBCtrlTrfRxService              text41       004A8
__end_of_USBCtrlTrfSetupHandler           text18       00DC1
__end_of_USBCtrlTrfTxService              text44       00717
__end_of_USBDeviceAttach                  text1        00C00
__end_of_USBDeviceInit                    text10       00379
__end_of_USBDeviceTasks                   text12       00221
__end_of_USBEnableEndpoint                text35       00C20
__end_of_USBStallHandler                  text16       00800
__end_of_USBStdFeatureReqHandler          text26       00154
__end_of_USBStdGetDscHandler              text25       00631
__end_of_USBStdGetStatusHandler           text24       00E53
__end_of_USBStdSetCfgHandler              text22       005B8
__end_of_USBSuspend                       text15       00BB1
__end_of_USBTransferOnePacket             text6        00E09
__end_of_USBWakeFromSuspend               text14       00B99
__end_of_USB_CD_Ptr                       stringtext2  010DB
__end_of_USB_SD_Ptr                       stringtext1  010D9
__end_of_USER_USB_CALLBACK_EVENT_HANDLER  text27       00D32
__end_of_UserInit                         text9        00B74
__end_of__initialization                  cinit        00050
__end_of_configDescriptor1                stringtext3  01043
__end_of_device_dsc                       stringtext6  010D3
__end_of_getsUSBUSART                     text4        00EEF
__end_of_main                             maintext     00BCA
__end_of_memset                           text23       00BE4
__end_of_putsUSBUSART                     text3        00C7D
__end_of_sd000                            stringtext7  010AF
__end_of_sd001                            stringtext5  010AB
__end_of_sd002                            stringtext4  01077
__end_ofi1_USBDeviceInit                  text13       00414
__end_ofi1_USBTransferOnePacket           text34       00D79
__initialization                          cinit        00020
__pbssBANK1                               bssBANK1     000A0
__pbssBANK2                               bssBANK2     00131
__pbssBANK3                               bssBANK3     001A0
__pbssBANK6                               bssBANK6     00320
__pcstackBANK0                            cstackBANK0  00060
__pcstackBANK1                            cstackBANK1  000D2
__pcstackBANK2                            cstackBANK2  00147
__pcstackCOMMON                           cstackCOMMON 00070
__pdataBANK2                              dataBANK2    0014E
__pidataBANK2                             idataBANK2   00B5F
__pintentry                               intentry     00004
__pmaintext                               maintext     00BB1
__pstringtext1                            stringtext1  010D3
__pstringtext2                            stringtext2  010D9
__pstringtext3                            stringtext3  01000
__pstringtext4                            stringtext4  01043
__pstringtext5                            stringtext5  01077
__pstringtext6                            stringtext6  010C1
__pstringtext7                            stringtext7  010AB
__pstringtext8                            stringtext8  010DB
__pstringtext9                            stringtext9  00000
__pswtext1                                swtext1      00800
__ptext1                                  text1        00BE4
__ptext10                                 text10       002D9
__ptext12                                 text12       00154
__ptext13                                 text13       00379
__ptext14                                 text14       00B84
__ptext15                                 text15       00B99
__ptext16                                 text16       007E0
__ptext17                                 text17       00717
__ptext18                                 text18       00D79
__ptext19                                 text19       00631
__ptext2                                  text2        004A8
__ptext20                                 text20       00E53
__ptext21                                 text21       00FA2
__ptext22                                 text22       00539
__ptext23                                 text23       00BCA
__ptext24                                 text24       00E09
__ptext25                                 text25       005B8
__ptext26                                 text26       00054
__ptext27                                 text27       00CF3
__ptext28                                 text28       00003
__ptext29                                 text29       00002
__ptext3                                  text3        00C4A
__ptext30                                 text30       00B55
__ptext31                                 text31       00B54
__ptext32                                 text32       00B59
__ptext33                                 text33       00C7D
__ptext34                                 text34       00D32
__ptext35                                 text35       00C00
__ptext36                                 text36       00CB7
__ptext37                                 text37       00B53
__ptext38                                 text38       00B56
__ptext39                                 text39       00781
__ptext4                                  text4        00E9E
__ptext40                                 text40       00C20
__ptext41                                 text41       00414
__ptext42                                 text42       00F46
__ptext43                                 text43       00EEF
__ptext44                                 text44       006A5
__ptext5                                  text5        00221
__ptext6                                  text6        00DC1
__ptext7                                  text7        00B5C
__ptext8                                  text8        00B74
__ptext9                                  text9        00B69
__size_of_BlinkUSBStatus                  (abs)        00000
__size_of_CDCInitEP                       (abs)        00000
__size_of_CDCTxService                    (abs)        00000
__size_of_ISRCode                         (abs)        00000
__size_of_InitializeSystem                (abs)        00000
__size_of_ProcessIO                       (abs)        00000
__size_of_USBCBCheckOtherReq              (abs)        00000
__size_of_USBCBErrorHandler               (abs)        00000
__size_of_USBCBInitEP                     (abs)        00000
__size_of_USBCBStdSetDscHandler           (abs)        00000
__size_of_USBCBSuspend                    (abs)        00000
__size_of_USBCBWakeFromSuspend            (abs)        00000
__size_of_USBCB_SOF_Handler               (abs)        00000
__size_of_USBCheckCDCRequest              (abs)        00000
__size_of_USBCheckStdRequest              (abs)        00000
__size_of_USBConfigureEndpoint            (abs)        00000
__size_of_USBCtrlEPAllowDataStage         (abs)        00000
__size_of_USBCtrlEPAllowStatusStage       (abs)        00000
__size_of_USBCtrlEPService                (abs)        00000
__size_of_USBCtrlEPServiceComplete        (abs)        00000
__size_of_USBCtrlTrfInHandler             (abs)        00000
__size_of_USBCtrlTrfOutHandler            (abs)        00000
__size_of_USBCtrlTrfRxService             (abs)        00000
__size_of_USBCtrlTrfSetupHandler          (abs)        00000
__size_of_USBCtrlTrfTxService             (abs)        00000
__size_of_USBDeviceAttach                 (abs)        00000
__size_of_USBDeviceInit                   (abs)        00000
__size_of_USBDeviceTasks                  (abs)        00000
__size_of_USBEnableEndpoint               (abs)        00000
__size_of_USBStallHandler                 (abs)        00000
__size_of_USBStdFeatureReqHandler         (abs)        00000
__size_of_USBStdGetDscHandler             (abs)        00000
__size_of_USBStdGetStatusHandler          (abs)        00000
__size_of_USBStdSetCfgHandler             (abs)        00000
__size_of_USBSuspend                      (abs)        00000
__size_of_USBTransferOnePacket            (abs)        00000
__size_of_USBWakeFromSuspend              (abs)        00000
__size_of_USER_USB_CALLBACK_EVENT_HANDLER (abs)        00000
__size_of_UserInit                        (abs)        00000
__size_of_getsUSBUSART                    (abs)        00000
__size_of_main                            (abs)        00000
__size_of_memset                          (abs)        00000
__size_of_putsUSBUSART                    (abs)        00000
__size_ofi1_USBDeviceInit                 (abs)        00000
__size_ofi1_USBTransferOnePacket          (abs)        00000
_cdc_data_rx                              (abs)        002A0
_cdc_data_tx                              (abs)        00220
_cdc_mem_type                             bssBANK1     000BB
_cdc_notice                               (abs)        00127
_cdc_rx_len                               bssBANK1     000BE
_cdc_trf_state                            bssBANK1     000BD
_cdc_tx_len                               bssBANK1     000BC
_configDescriptor1                        stringtext3  01000
_controlTransferState                     bssBANK1     000CA
_control_signal_bitmap                    bssBANK1     000B8
_device_dsc                               stringtext6  010C1
_dummy_encapsulated_cmd_response          bssBANK2     0013F
_endpoint_number                          bssBANK1     000C6
_ep_data_in                               bssBANK1     000AF
_ep_data_out                              bssBANK1     000AC
_getsUSBUSART                             text4        00E9E
_getsUSBUSART$3173                        cstackBANK1  000E6
_inPipes                                  bssBANK1     000A7
_line_coding                              (abs)        00120
_main                                     maintext     00BB1
_memset                                   text23       00BCA
_outPipes                                 bssBANK1     000A0
_pBDTEntryEP0OutCurrent                   bssBANK1     000CD
_pBDTEntryEP0OutNext                      bssBANK1     000CC
_pBDTEntryIn                              bssBANK1     000B2
_pBDTEntryOut                             bssBANK1     000B5
_pCDCDst                                  bssBANK2     0013B
_pCDCSrc                                  bssBANK2     0013D
_pDst                                     bssBANK1     000C9
_putsUSBUSART                             text3        00C4A
_sd000                                    stringtext7  010AB
_sd001                                    stringtext5  01077
_sd002                                    stringtext4  01043
_shortPacketStatus                        bssBANK1     000CB
_state                                    bssBANK2     00137
_tmrCounter                               bssBANK2     00139
btemp                                     (abs)        0007E
clear_ram0                                clrtext      00B63
end_of_initialization                     cinit        00050
getsUSBUSART@buffer                       cstackBANK1  000E5
getsUSBUSART@len                          cstackBANK1  000E1
i1USBDeviceInit@i                         cstackCOMMON 00074
i1USBDeviceInit@i_746                     cstackCOMMON 00073
i1USBDeviceInit@p                         cstackCOMMON 00071
i1USBTransferOnePacket@data               cstackCOMMON 00071
i1USBTransferOnePacket@dir                cstackCOMMON 00070
i1USBTransferOnePacket@ep                 cstackCOMMON 00075
i1USBTransferOnePacket@handle             cstackCOMMON 00076
i1USBTransferOnePacket@len                cstackCOMMON 00072
i1_USBDeviceInit                          text13       00379
i1_USBTransferOnePacket                   text34       00D32
int$flags                                 (abs)        0007E
intlevel0                                 functab      00000
intlevel1                                 functab      00000
intlevel2                                 functab      00000
intlevel3                                 functab      00000
intlevel4                                 functab      00000
intlevel5                                 functab      00000
memset@c                                  cstackCOMMON 00070
memset@n                                  cstackCOMMON 00072
memset@p                                  cstackCOMMON 00075
memset@p1                                 cstackCOMMON 00076
putsUSBUSART@data                         cstackBANK1  000DA
putsUSBUSART@len                          cstackBANK1  000E1
putsUSBUSART@pData                        cstackBANK1  000DF
reset_vec                                 reset_vec    00000
stackhi                                   (abs)        023EF
stacklo                                   (abs)        02220
start                                     init         0001E
start_initialization                      cinit        00020
wtemp0                                    (abs)        0007E


FUNCTION INFORMATION:

 *************** function _main *****************
 Defined at:
		line 106 in file "../main.c"
 Parameters:    Size  Location     Type
		None
 Auto vars:     Size  Location     Type
		None
 Return value:  Size  Location     Type
                  2  585[None  ] int 
 Registers used:
		wreg, fsr0l, fsr0h, fsr1l, fsr1h, status,2, status,0, pclath, cstack
 Tracked objects:
		On entry : 
		On exit  : 
		Unchanged: 
 Data sizes:     COMMON   BANK0   BANK1   BANK2   BANK3   BANK4   BANK5   BANK6   BANK7   BANK8   BANK9  BANK10  BANK11  BANK12
      Params:         0       0       0       0       0       0       0       0       0       0       0       0       0       0
      Locals:         0       0       0       0       0       0       0       0       0       0       0       0       0       0
      Temps:          0       0       0       2       0       0       0       0       0       0       0       0       0       0
      Totals:         0       0       0       2       0       0       0       0       0       0       0       0       0       0
Total ram usage:        2 bytes
 Hardware stack levels required when called:   14
 This function calls:
		_InitializeSystem
		_ProcessIO
		_USBDeviceAttach
 This function is called by:
		Startup code after reset
 This function uses a non-reentrant model


 *************** function _USBDeviceAttach *****************
 Defined at:
		line 1525 in file "../Microchip/USB/usb_device.c"
 Parameters:    Size  Location     Type
		None
 Auto vars:     Size  Location     Type
		None
 Return value:  Size  Location     Type
                  1    wreg      void 
 Registers used:
		wreg, status,2, status,0
 Tracked objects:
		On entry : 
		On exit  : 
		Unchanged: 
 Data sizes:     COMMON   BANK0   BANK1   BANK2   BANK3   BANK4   BANK5   BANK6   BANK7   BANK8   BANK9  BANK10  BANK11  BANK12
      Params:         0       0       0       0       0       0       0       0       0       0       0       0       0       0
      Locals:         0       0       0       0       0       0       0       0       0       0       0       0       0       0
      Temps:          0       0       1       0       0       0       0       0       0       0       0       0       0       0
      Totals:         0       0       1       0       0       0       0       0       0       0       0       0       0       0
Total ram usage:        1 bytes
 Hardware stack levels used:    1
 Hardware stack levels required when called:   11
 This function calls:
		Nothing
 This function is called by:
		_main
 This function uses a non-reentrant model


 *************** function _ProcessIO *****************
 Defined at:
		line 266 in file "../main.c"
 Parameters:    Size  Location     Type
		None
 Auto vars:     Size  Location     Type
  i               1    4[BANK2 ] unsigned char 
  validCmd        1    2[BANK2 ] enum E185
  numBytesRead    1    3[BANK2 ] unsigned char 
 Return value:  Size  Location     Type
                  1    wreg      void 
 Registers used:
		wreg, fsr0l, fsr0h, fsr1l, fsr1h, status,2, status,0, pclath, cstack
 Tracked objects:
		On entry : 
		On exit  : 
		Unchanged: 
 Data sizes:     COMMON   BANK0   BANK1   BANK2   BANK3   BANK4   BANK5   BANK6   BANK7   BANK8   BANK9  BANK10  BANK11  BANK12
      Params:         0       0       0       0       0       0       0       0       0       0       0       0       0       0
      Locals:         0       0       0       3       0       0       0       0       0       0       0       0       0       0
      Temps:          0       0       0       2       0       0       0       0       0       0       0       0       0       0
      Totals:         0       0       0       5       0       0       0       0       0       0       0       0       0       0
Total ram usage:        5 bytes
 Hardware stack levels used:    1
 Hardware stack levels required when called:   13
 This function calls:
		_BlinkUSBStatus
		_CDCTxService
		_getsUSBUSART
		_putsUSBUSART
 This function is called by:
		_main
 This function uses a non-reentrant model


 *************** function _putsUSBUSART *****************
 Defined at:
		line 749 in file "../Microchip/USB/CDC_Device_Driver/usb_function_cdc.c"
 Parameters:    Size  Location     Type
  data            2    8[BANK1 ] PTR unsigned char 
		 -> STR_5(2), STR_4(2), STR_3(2), STR_2(2), 
		 -> STR_1(18), 
 Auto vars:     Size  Location     Type
  pData           2   13[BANK1 ] PTR unsigned char 
		 -> STR_5(2), STR_4(2), STR_3(2), STR_2(2), 
		 -> STR_1(18), 
  len             1   15[BANK1 ] unsigned char 
 Return value:  Size  Location     Type
                  1    wreg      void 
 Registers used:
		wreg, fsr0l, fsr0h, status,2, status,0
 Tracked objects:
		On entry : 
		On exit  : 
		Unchanged: 
 Data sizes:     COMMON   BANK0   BANK1   BANK2   BANK3   BANK4   BANK5   BANK6   BANK7   BANK8   BANK9  BANK10  BANK11  BANK12
      Params:         0       0       2       0       0       0       0       0       0       0       0       0       0       0
      Locals:         0       0       3       0       0       0       0       0       0       0       0       0       0       0
      Temps:          0       0       3       0       0       0       0       0       0       0       0       0       0       0
      Totals:         0       0       8       0       0       0       0       0       0       0       0       0       0       0
Total ram usage:        8 bytes
 Hardware stack levels used:    1
 Hardware stack levels required when called:   11
 This function calls:
		Nothing
 This function is called by:
		_ProcessIO
 This function uses a non-reentrant model


 *************** function _getsUSBUSART *****************
 Defined at:
		line 605 in file "../Microchip/USB/CDC_Device_Driver/usb_function_cdc.c"
 Parameters:    Size  Location     Type
  buffer          1    wreg     PTR unsigned char 
		 -> USB_Out_Buffer(64), 
  len             1   15[BANK1 ] unsigned char 
 Auto vars:     Size  Location     Type
  buffer          1   19[BANK1 ] PTR unsigned char 
		 -> USB_Out_Buffer(64), 
 Return value:  Size  Location     Type
                  1    wreg      unsigned char 
 Registers used:
		wreg, fsr1l, fsr1h, status,2, status,0, pclath, cstack
 Tracked objects:
		On entry : 
		On exit  : 
		Unchanged: 
 Data sizes:     COMMON   BANK0   BANK1   BANK2   BANK3   BANK4   BANK5   BANK6   BANK7   BANK8   BANK9  BANK10  BANK11  BANK12
      Params:         0       0       1       0       0       0       0       0       0       0       0       0       0       0
      Locals:         0       0       3       0       0       0       0       0       0       0       0       0       0       0
      Temps:          0       0       3       0       0       0       0       0       0       0       0       0       0       0
      Totals:         0       0       7       0       0       0       0       0       0       0       0       0       0       0
Total ram usage:        7 bytes
 Hardware stack levels used:    1
 Hardware stack levels required when called:   12
 This function calls:
		_USBTransferOnePacket
 This function is called by:
		_ProcessIO
 This function uses a non-reentrant model


 *************** function _CDCTxService *****************
 Defined at:
		line 956 in file "../Microchip/USB/CDC_Device_Driver/usb_function_cdc.c"
 Parameters:    Size  Location     Type
		None
 Auto vars:     Size  Location     Type
  byte_to_send    1   21[BANK1 ] unsigned char 
  i               1   20[BANK1 ] unsigned char 
 Return value:  Size  Location     Type
                  1    wreg      void 
 Registers used:
		wreg, fsr0l, fsr0h, fsr1l, fsr1h, status,2, status,0, pclath, cstack
 Tracked objects:
		On entry : 
		On exit  : 
		Unchanged: 
 Data sizes:     COMMON   BANK0   BANK1   BANK2   BANK3   BANK4   BANK5   BANK6   BANK7   BANK8   BANK9  BANK10  BANK11  BANK12
      Params:         0       0       0       0       0       0       0       0       0       0       0       0       0       0
      Locals:         0       0       4       0       0       0       0       0       0       0       0       0       0       0
      Temps:          0       0       3       0       0       0       0       0       0       0       0       0       0       0
      Totals:         0       0       7       0       0       0       0       0       0       0       0       0       0       0
Total ram usage:        7 bytes
 Hardware stack levels used:    1
 Hardware stack levels required when called:   12
 This function calls:
		_USBTransferOnePacket
 This function is called by:
		_ProcessIO
 This function uses a non-reentrant model


 *************** function _USBTransferOnePacket *****************
 Defined at:
		line 1172 in file "../Microchip/USB/usb_device.c"
 Parameters:    Size  Location     Type
  ep              1    wreg     unsigned char 
  dir             1    8[BANK1 ] unsigned char 
  data            1    9[BANK1 ] PTR unsigned char 
		 -> cdc_data_tx(64), cdc_data_rx(64), NULL(0), 
  len             1   10[BANK1 ] unsigned char 
 Auto vars:     Size  Location     Type
  ep              1   13[BANK1 ] unsigned char 
  handle          1   14[BANK1 ] PTR volatile struct __BD
		 -> NULL(0), BDT(48), 
 Return value:  Size  Location     Type
                  1    wreg      PTR void 
 Registers used:
		wreg, fsr1l, fsr1h, status,2, status,0
 Tracked objects:
		On entry : 
		On exit  : 
		Unchanged: 
 Data sizes:     COMMON   BANK0   BANK1   BANK2   BANK3   BANK4   BANK5   BANK6   BANK7   BANK8   BANK9  BANK10  BANK11  BANK12
      Params:         0       0       3       0       0       0       0       0       0       0       0       0       0       0
      Locals:         0       0       2       0       0       0       0       0       0       0       0       0       0       0
      Temps:          0       0       2       0       0       0       0       0       0       0       0       0       0       0
      Totals:         0       0       7       0       0       0       0       0       0       0       0       0       0       0
Total ram usage:        7 bytes
 Hardware stack levels used:    1
 Hardware stack levels required when called:   11
 This function calls:
		Nothing
 This function is called by:
		_getsUSBUSART
		_CDCTxService
		_USBCDCEventHandler
 This function uses a non-reentrant model


 *************** function _BlinkUSBStatus *****************
 Defined at:
		line 378 in file "../main.c"
 Parameters:    Size  Location     Type
		None
 Auto vars:     Size  Location     Type
		None
 Return value:  Size  Location     Type
                  1    wreg      void 
 Registers used:
		wreg, status,2, status,0
 Tracked objects:
		On entry : 
		On exit  : 
		Unchanged: 
 Data sizes:     COMMON   BANK0   BANK1   BANK2   BANK3   BANK4   BANK5   BANK6   BANK7   BANK8   BANK9  BANK10  BANK11  BANK12
      Params:         0       0       0       0       0       0       0       0       0       0       0       0       0       0
      Locals:         0       0       0       0       0       0       0       0       0       0       0       0       0       0
      Temps:          0       0       0       0       0       0       0       0       0       0       0       0       0       0
      Totals:         0       0       0       0       0       0       0       0       0       0       0       0       0       0
Total ram usage:        0 bytes
 Hardware stack levels used:    1
 Hardware stack levels required when called:   11
 This function calls:
		Nothing
 This function is called by:
		_ProcessIO
 This function uses a non-reentrant model


 *************** function _InitializeSystem *****************
 Defined at:
		line 163 in file "../main.c"
 Parameters:    Size  Location     Type
		None
 Auto vars:     Size  Location     Type
		None
 Return value:  Size  Location     Type
                  1    wreg      void 
 Registers used:
		wreg, fsr1l, fsr1h, status,2, status,0, pclath, cstack
 Tracked objects:
		On entry : 
		On exit  : 
		Unchanged: 
 Data sizes:     COMMON   BANK0   BANK1   BANK2   BANK3   BANK4   BANK5   BANK6   BANK7   BANK8   BANK9  BANK10  BANK11  BANK12
      Params:         0       0       0       0       0       0       0       0       0       0       0       0       0       0
      Locals:         0       0       0       0       0       0       0       0       0       0       0       0       0       0
      Temps:          0       0       0       0       0       0       0       0       0       0       0       0       0       0
      Totals:         0       0       0       0       0       0       0       0       0       0       0       0       0       0
Total ram usage:        0 bytes
 Hardware stack levels used:    1
 Hardware stack levels required when called:   12
 This function calls:
		_USBDeviceInit
		_UserInit
 This function is called by:
		_main
 This function uses a non-reentrant model


 *************** function _UserInit *****************
 Defined at:
		line 236 in file "../main.c"
 Parameters:    Size  Location     Type
		None
 Auto vars:     Size  Location     Type
		None
 Return value:  Size  Location     Type
                  1    wreg      void 
 Registers used:
		wreg
 Tracked objects:
		On entry : 
		On exit  : 
		Unchanged: 
 Data sizes:     COMMON   BANK0   BANK1   BANK2   BANK3   BANK4   BANK5   BANK6   BANK7   BANK8   BANK9  BANK10  BANK11  BANK12
      Params:         0       0       0       0       0       0       0       0       0       0       0       0       0       0
      Locals:         0       0       0       0       0       0       0       0       0       0       0       0       0       0
      Temps:          0       0       0       0       0       0       0       0       0       0       0       0       0       0
      Totals:         0       0       0       0       0       0       0       0       0       0       0       0       0       0
Total ram usage:        0 bytes
 Hardware stack levels used:    1
 Hardware stack levels required when called:   11
 This function calls:
		Nothing
 This function is called by:
		_InitializeSystem
 This function uses a non-reentrant model


 *************** function _USBDeviceInit *****************
 Defined at:
		line 466 in file "../Microchip/USB/usb_device.c"
 Parameters:    Size  Location     Type
		None
 Auto vars:     Size  Location     Type
  p               2    9[BANK1 ] PTR unsigned char 
		 -> UEP1(1), 
  i               1   11[BANK1 ] unsigned char 
  i               1   12[BANK1 ] unsigned char 
 Return value:  Size  Location     Type
                  1    wreg      void 
 Registers used:
		wreg, fsr1l, fsr1h, status,2, status,0
 Tracked objects:
		On entry : 
		On exit  : 
		Unchanged: 
 Data sizes:     COMMON   BANK0   BANK1   BANK2   BANK3   BANK4   BANK5   BANK6   BANK7   BANK8   BANK9  BANK10  BANK11  BANK12
      Params:         0       0       0       0       0       0       0       0       0       0       0       0       0       0
      Locals:         0       0       4       0       0       0       0       0       0       0       0       0       0       0
      Temps:          0       0       1       0       0       0       0       0       0       0       0       0       0       0
      Totals:         0       0       5       0       0       0       0       0       0       0       0       0       0       0
Total ram usage:        5 bytes
 Hardware stack levels used:    1
 Hardware stack levels required when called:   11
 This function calls:
		Nothing
 This function is called by:
		_InitializeSystem
[...]
		None
 Return value:  Size  Location     Type
                  1    wreg      void 
 Registers used:
		wreg, fsr1l, fsr1h, status,2, status,0, pclath, cstack
 Tracked objects:
		On entry : 
		On exit  : 
		Unchanged: 
 Data sizes:     COMMON   BANK0   BANK1   BANK2   BANK3   BANK4   BANK5   BANK6   BANK7   BANK8   BANK9  BANK10  BANK11  BANK12
      Params:         0       0       0       0       0       0       0       0       0       0       0       0       0       0
      Locals:         0       0       0       0       0       0       0       0       0       0       0       0       0       0
      Temps:          0       3       0       0       0       0       0       0       0       0       0       0       0       0
      Totals:         0       3       0       0       0       0       0       0       0       0       0       0       0       0
Total ram usage:        3 bytes
 Hardware stack levels used:    1
 Hardware stack levels required when called:    2
 This function calls:
		_USBEnableEndpoint
		i1_USBTransferOnePacket
 This function is called by:
		_USBCBInitEP
 This function uses a non-reentrant model


 *************** function i1_USBTransferOnePacket *****************
 Defined at:
		line 1172 in file "../Microchip/USB/usb_device.c"
 Parameters:    Size  Location     Type
  ep              1    wreg     unsigned char 
  dir             1    0[COMMON] unsigned char 
  data            1    1[COMMON] PTR unsigned char 
		 -> cdc_data_tx(64), cdc_data_rx(64), NULL(0), 
  len             1    2[COMMON] unsigned char 
 Auto vars:     Size  Location     Type
  ep              1    5[COMMON] unsigned char 
  USBTransferO    1    6[COMMON] PTR volatile struct __BD
		 -> NULL(0), BDT(48), 
 Return value:  Size  Location     Type
                  1    wreg      PTR void 
 Registers used:
		wreg, fsr1l, fsr1h, status,2, status,0
 Tracked objects:
		On entry : 
		On exit  : 
		Unchanged: 
 Data sizes:     COMMON   BANK0   BANK1   BANK2   BANK3   BANK4   BANK5   BANK6   BANK7   BANK8   BANK9  BANK10  BANK11  BANK12
      Params:         3       0       0       0       0       0       0       0       0       0       0       0       0       0
      Locals:         2       0       0       0       0       0       0       0       0       0       0       0       0       0
      Temps:          2       0       0       0       0       0       0       0       0       0       0       0       0       0
      Totals:         7       0       0       0       0       0       0       0       0       0       0       0       0       0
Total ram usage:        7 bytes
 Hardware stack levels used:    1
 This function calls:
		Nothing
 This function is called by:
		_CDCInitEP
 This function uses a non-reentrant model


 *************** function _USBEnableEndpoint *****************
 Defined at:
		line 1055 in file "../Microchip/USB/usb_device.c"
 Parameters:    Size  Location     Type
  ep              1    wreg     unsigned char 
  options         1    7[COMMON] unsigned char 
 Auto vars:     Size  Location     Type
  ep              1   12[COMMON] unsigned char 
  p               2   10[COMMON] PTR unsigned char 
		 -> UEP0(1), 
 Return value:  Size  Location     Type
                  1    wreg      void 
 Registers used:
		wreg, fsr1l, fsr1h, status,2, status,0, pclath, cstack
 Tracked objects:
		On entry : 
		On exit  : 
		Unchanged: 
 Data sizes:     COMMON   BANK0   BANK1   BANK2   BANK3   BANK4   BANK5   BANK6   BANK7   BANK8   BANK9  BANK10  BANK11  BANK12
      Params:         1       0       0       0       0       0       0       0       0       0       0       0       0       0
      Locals:         3       0       0       0       0       0       0       0       0       0       0       0       0       0
      Temps:          2       0       0       0       0       0       0       0       0       0       0       0       0       0
      Totals:         6       0       0       0       0       0       0       0       0       0       0       0       0       0
Total ram usage:        6 bytes
 Hardware stack levels used:    1
 Hardware stack levels required when called:    1
 This function calls:
		_USBConfigureEndpoint
 This function is called by:
		_CDCInitEP
 This function uses a non-reentrant model


 *************** function _USBConfigureEndpoint *****************
 Defined at:
		line 1712 in file "../Microchip/USB/usb_device.c"
 Parameters:    Size  Location     Type
  EPNum           1    wreg     unsigned char 
  direction       1    0[COMMON] unsigned char 
 Auto vars:     Size  Location     Type
  EPNum           1    5[COMMON] unsigned char 
  handle          1    6[COMMON] PTR volatile struct __BD
		 -> BDT(48), 
 Return value:  Size  Location     Type
                  1    wreg      void 
 Registers used:
		wreg, fsr1l, fsr1h, status,2, status,0
 Tracked objects:
		On entry : 
		On exit  : 
		Unchanged: 
 Data sizes:     COMMON   BANK0   BANK1   BANK2   BANK3   BANK4   BANK5   BANK6   BANK7   BANK8   BANK9  BANK10  BANK11  BANK12
      Params:         1       0       0       0       0       0       0       0       0       0       0       0       0       0
      Locals:         2       0       0       0       0       0       0       0       0       0       0       0       0       0
      Temps:          4       0       0       0       0       0       0       0       0       0       0       0       0       0
      Totals:         7       0       0       0       0       0       0       0       0       0       0       0       0       0
Total ram usage:        7 bytes
 Hardware stack levels used:    1
 This function calls:
		Nothing
 This function is called by:
		_USBEnableEndpoint
 This function uses a non-reentrant model


 *************** function _USBCBErrorHandler *****************
 Defined at:
		line 543 in file "../main.c"
 Parameters:    Size  Location     Type
		None
 Auto vars:     Size  Location     Type
		None
 Return value:  Size  Location     Type
                  1    wreg      void 
 Registers used:
		None
 Tracked objects:
		On entry : 
		On exit  : 
		Unchanged: 
 Data sizes:     COMMON   BANK0   BANK1   BANK2   BANK3   BANK4   BANK5   BANK6   BANK7   BANK8   BANK9  BANK10  BANK11  BANK12
      Params:         0       0       0       0       0       0       0       0       0       0       0       0       0       0
      Locals:         0       0       0       0       0       0       0       0       0       0       0       0       0       0
      Temps:          0       0       0       0       0       0       0       0       0       0       0       0       0       0
      Totals:         0       0       0       0       0       0       0       0       0       0       0       0       0       0
Total ram usage:        0 bytes
 Hardware stack levels used:    1
 This function calls:
		Nothing
 This function is called by:
		_USER_USB_CALLBACK_EVENT_HANDLER
 This function uses a non-reentrant model


 *************** function _USBCBCheckOtherReq *****************
 Defined at:
		line 593 in file "../main.c"
 Parameters:    Size  Location     Type
		None
 Auto vars:     Size  Location     Type
		None
 Return value:  Size  Location     Type
                  1    wreg      void 
 Registers used:
		wreg, fsr0l, fsr0h, status,2, status,0, pclath, cstack
 Tracked objects:
		On entry : 
		On exit  : 
		Unchanged: 
 Data sizes:     COMMON   BANK0   BANK1   BANK2   BANK3   BANK4   BANK5   BANK6   BANK7   BANK8   BANK9  BANK10  BANK11  BANK12
      Params:         0       0       0       0       0       0       0       0       0       0       0       0       0       0
      Locals:         0       0       0       0       0       0       0       0       0       0       0       0       0       0
      Temps:          0       0       0       0       0       0       0       0       0       0       0       0       0       0
      Totals:         0       0       0       0       0       0       0       0       0       0       0       0       0       0
Total ram usage:        0 bytes
 Hardware stack levels used:    1
 Hardware stack levels required when called:    1
 This function calls:
		_USBCheckCDCRequest
 This function is called by:
		_USER_USB_CALLBACK_EVENT_HANDLER
 This function uses a non-reentrant model


 *************** function _USBCheckCDCRequest *****************
 Defined at:
		line 267 in file "../Microchip/USB/CDC_Device_Driver/usb_function_cdc.c"
 Parameters:    Size  Location     Type
		None
 Auto vars:     Size  Location     Type
		None
 Return value:  Size  Location     Type
                  1    wreg      void 
 Registers used:
		wreg, fsr0l, fsr0h, status,2, status,0
 Tracked objects:
		On entry : 
		On exit  : 
		Unchanged: 
 Data sizes:     COMMON   BANK0   BANK1   BANK2   BANK3   BANK4   BANK5   BANK6   BANK7   BANK8   BANK9  BANK10  BANK11  BANK12
      Params:         0       0       0       0       0       0       0       0       0       0       0       0       0       0
      Locals:         0       0       0       0       0       0       0       0       0       0       0       0       0       0
      Temps:          1       0       0       0       0       0       0       0       0       0       0       0       0       0
      Totals:         1       0       0       0       0       0       0       0       0       0       0       0       0       0
Total ram usage:        1 bytes
 Hardware stack levels used:    1
 This function calls:
		Nothing
 This function is called by:
		_USBCBCheckOtherReq
 This function uses a non-reentrant model


 *************** function _USBCtrlTrfOutHandler *****************
 Defined at:
		line 2694 in file "../Microchip/USB/usb_device.c"
 Parameters:    Size  Location     Type
		None
 Auto vars:     Size  Location     Type
		None
 Return value:  Size  Location     Type
                  1    wreg      void 
 Registers used:
		wreg, fsr1l, fsr1h, status,2, status,0, pclath, cstack
 Tracked objects:
		On entry : 
		On exit  : 
		Unchanged: 
 Data sizes:     COMMON   BANK0   BANK1   BANK2   BANK3   BANK4   BANK5   BANK6   BANK7   BANK8   BANK9  BANK10  BANK11  BANK12
      Params:         0       0       0       0       0       0       0       0       0       0       0       0       0       0
      Locals:         0       0       0       0       0       0       0       0       0       0       0       0       0       0
      Temps:          2       0       0       0       0       0       0       0       0       0       0       0       0       0
      Totals:         2       0       0       0       0       0       0       0       0       0       0       0       0       0
Total ram usage:        2 bytes
 Hardware stack levels used:    1
 Hardware stack levels required when called:    2
 This function calls:
		_USBCtrlTrfRxService
 This function is called by:
		_USBCtrlEPService
 This function uses a non-reentrant model


 *************** function _USBCtrlTrfRxService *****************
 Defined at:
		line 2018 in file "../Microchip/USB/usb_device.c"
 Parameters:    Size  Location     Type
		None
 Auto vars:     Size  Location     Type
  byteToRead      1    7[COMMON] unsigned char 
  i               1    6[COMMON] unsigned char 
 Return value:  Size  Location     Type
                  1    wreg      void 
 Registers used:
		wreg, fsr1l, fsr1h, status,2, status,0, pclath, cstack
 Tracked objects:
		On entry : 
		On exit  : 
		Unchanged: 
 Data sizes:     COMMON   BANK0   BANK1   BANK2   BANK3   BANK4   BANK5   BANK6   BANK7   BANK8   BANK9  BANK10  BANK11  BANK12
      Params:         0       0       0       0       0       0       0       0       0       0       0       0       0       0
      Locals:         2       0       0       0       0       0       0       0       0       0       0       0       0       0
      Temps:          4       0       0       0       0       0       0       0       0       0       0       0       0       0
      Totals:         6       0       0       0       0       0       0       0       0       0       0       0       0       0
Total ram usage:        6 bytes
 Hardware stack levels used:    1
 Hardware stack levels required when called:    1
 This function calls:
		_USBCtrlEPAllowStatusStage
 This function is called by:
		_USBCtrlTrfOutHandler
 This function uses a non-reentrant model


 *************** function _USBCtrlEPAllowStatusStage *****************
 Defined at:
		line 1589 in file "../Microchip/USB/usb_device.c"
 Parameters:    Size  Location     Type
		None
 Auto vars:     Size  Location     Type
		None
 Return value:  Size  Location     Type
                  1    wreg      void 
 Registers used:
		wreg, fsr1l, fsr1h, status,2, status,0
 Tracked objects:
		On entry : 
		On exit  : 
		Unchanged: 
 Data sizes:     COMMON   BANK0   BANK1   BANK2   BANK3   BANK4   BANK5   BANK6   BANK7   BANK8   BANK9  BANK10  BANK11  BANK12
      Params:         0       0       0       0       0       0       0       0       0       0       0       0       0       0
      Locals:         0       0       0       0       0       0       0       0       0       0       0       0       0       0
      Temps:          2       0       0       0       0       0       0       0       0       0       0       0       0       0
      Totals:         2       0       0       0       0       0       0       0       0       0       0       0       0       0
Total ram usage:        2 bytes
 Hardware stack levels used:    1
 This function calls:
		Nothing
 This function is called by:
		_USBCtrlEPServiceComplete
		_USBCtrlTrfRxService
 This function uses a non-reentrant model


 *************** function _USBCtrlTrfInHandler *****************
 Defined at:
		line 2747 in file "../Microchip/USB/usb_device.c"
 Parameters:    Size  Location     Type
		None
 Auto vars:     Size  Location     Type
  lastDTS         1    7[COMMON] unsigned char 
 Return value:  Size  Location     Type
                  1    wreg      void 
 Registers used:
		wreg, fsr0l, fsr0h, fsr1l, fsr1h, status,2, status,0, pclath, cstack
 Tracked objects:
		On entry : 
		On exit  : 
		Unchanged: 
 Data sizes:     COMMON   BANK0   BANK1   BANK2   BANK3   BANK4   BANK5   BANK6   BANK7   BANK8   BANK9  BANK10  BANK11  BANK12
      Params:         0       0       0       0       0       0       0       0       0       0       0       0       0       0
      Locals:         1       0       0       0       0       0       0       0       0       0       0       0       0       0
      Temps:          2       0       0       0       0       0       0       0       0       0       0       0       0       0
      Totals:         3       0       0       0       0       0       0       0       0       0       0       0       0       0
Total ram usage:        3 bytes
 Hardware stack levels used:    1
 Hardware stack levels required when called:    1
 This function calls:
		_USBCtrlTrfTxService
 This function is called by:
		_USBCtrlEPService
 This function uses a non-reentrant model


 *************** function _USBCtrlTrfTxService *****************
 Defined at:
		line 1937 in file "../Microchip/USB/usb_device.c"
 Parameters:    Size  Location     Type
		None
 Auto vars:     Size  Location     Type
  byteToSend      1    4[COMMON] unsigned char 
 Return value:  Size  Location     Type
                  1    wreg      void 
 Registers used:
		wreg, fsr0l, fsr0h, fsr1l, fsr1h, status,2, status,0, pclath
 Tracked objects:
		On entry : 
		On exit  : 
		Unchanged: 
 Data sizes:     COMMON   BANK0   BANK1   BANK2   BANK3   BANK4   BANK5   BANK6   BANK7   BANK8   BANK9  BANK10  BANK11  BANK12
      Params:         0       0       0       0       0       0       0       0       0       0       0       0       0       0
      Locals:         1       0       0       0       0       0       0       0       0       0       0       0       0       0
      Temps:          4       0       0       0       0       0       0       0       0       0       0       0       0       0
      Totals:         5       0       0       0       0       0       0       0       0       0       0       0       0       0
Total ram usage:        5 bytes
 Hardware stack levels used:    1
 This function calls:
		Nothing
 This function is called by:
		_USBCtrlEPAllowDataStage
		_USBCtrlTrfInHandler
 This function uses a non-reentrant model



MODULE INFORMATION

Module		Function		Class		Link	Load	Size
../main.c
		_BlinkUSBStatus		CODE           	0B5C	0000	4
		_USBCBErrorHandler		CODE           	0B53	0000	2
		_UserInit      		CODE           	0B69	0000	12
		_USBCBWakeFromSuspend		CODE           	0002	0000	2
		_main          		CODE           	0BB1	0000	26
		_USER_USB_CALLBACK_EVENT_HANDLER		CODE           	0CF3	0000	64
		_USBCBStdSetDscHandler		CODE           	0B54	0000	2
		_USBCBInitEP   		CODE           	0B59	0000	4
		_InitializeSystem		CODE           	0B74	0000	17
		_ProcessIO     		CODE           	04A8	0000	146
		_USBCB_SOF_Handler		CODE           	0003	0000	2
		_USBCBSuspend  		CODE           	0B55	0000	2
		_USBCBCheckOtherReq		CODE           	0B56	0000	4
		_ISRCode       		CODE           	0004	0000	27

../main.c estimated size: 314

../Microchip/USB/usb_device.c
		_USBCtrlTrfInHandler		CODE           	0EEF	0000	88
		_USBTransferOnePacket		CODE           	0DC1	0000	73
		_USBDeviceAttach		CODE           	0BE4	0000	29
		_USBStdGetDscHandler		CODE           	05B8	0000	122
		_USBCtrlEPAllowDataStage		CODE           	0E53	0000	76
		_USBStdFeatureReqHandler		CODE           	0054	0000	257
		_USBCtrlEPAllowStatusStage		CODE           	0F46	0000	93
		_USBCtrlTrfSetupHandler		CODE           	0D79	0000	73
		_USBCtrlTrfOutHandler		CODE           	0C20	0000	43
		_USBCtrlEPServiceComplete		CODE           	0631	0000	117
		_USBSuspend    		CODE           	0B99	0000	25
		_USBStdSetCfgHandler		CODE           	0539	0000	128
		_USBStdGetStatusHandler		CODE           	0E09	0000	75
		_USBWakeFromSuspend		CODE           	0B84	0000	22
		_USBCtrlTrfRxService		CODE           	0414	0000	149
		_USBCtrlTrfTxService		CODE           	06A5	0000	115
		_USBEnableEndpoint		CODE           	0C00	0000	33
		_USBConfigureEndpoint		CODE           	0CB7	0000	61
		_USBDeviceInit 		CODE           	02D9	0000	161
		_USBCtrlEPService		CODE           	0717	0000	107
		_USBStallHandler		CODE           	07E0	0000	33
		_USBDeviceTasks		CODE           	0154	0000	206
		_USBCheckStdRequest		CODE           	0FA2	0000	95

../Microchip/USB/usb_device.c estimated size: 2181

shared
		_configDescriptor1		STRCODE        	1000	0000	68
		_USB_CD_Ptr    		STRCODE        	10D9	0000	3
		_sd001         		STRCODE        	1077	0000	53
		_sd002         		STRCODE        	1043	0000	53
		i1_USBDeviceInit		CODE           	0379	0000	156
		__initialization		CODE           	0020	0000	49
		_device_dsc    		STRCODE        	10C1	0000	19
		_USB_SD_Ptr    		STRCODE        	10D3	0000	7
		_sd000         		STRCODE        	10AB	0000	5
		i1_USBTransferOnePacket		CODE           	0D32	0000	72

shared estimated size: 485

../Microchip/USB/CDC_Device_Driver/usb_function_cdc.c
		_CDCTxService  		CODE           	0221	0000	185
		_CDCInitEP     		CODE           	0C7D	0000	59
		_putsUSBUSART  		CODE           	0C4A	0000	52
		_getsUSBUSART  		CODE           	0E9E	0000	82
		_USBCheckCDCRequest		CODE           	0781	0000	96

../Microchip/USB/CDC_Device_Driver/usb_function_cdc.c estimated size: 474

C:\Program Files (x86)\Microchip\xc8\v1.45\sources\common\memset.c
		_memset        		CODE           	0BCA	0000	27

C:\Program Files (x86)\Microchip\xc8\v1.45\sources\common\memset.c estimated size: 27

